X = 1
X = 4
X = 7
X = 10
[1, 8, 15, 22, 29, 36, 43, 50, 57, 64, 71, 78, 85, 92, 99]
