Key = 1, Value = 1
Key = 2, Value = 2
Key = 3, Value = hello
Key = 4, Value = 4
Key = 5, Value = 5
Key = a, Value = 100
Key = 10, Value = b
