Colours = [Red, Orange, Yellow, Green, Blue, Violet]
Yellow .. Violet = [Yellow, Green, Blue, Violet]
Violet .. Yellow = []
Red + Blue = 6
Red -> reddish
Orange -> reddish
Yellow -> greenish
Green -> greenish
Blue -> blueish
Violet -> reddish
Turquoise -> Error = EnumError: Invalid enum name
	/home/raja/Work/Minilang/src/test/test27.mini:22
Days = [Mon, Tue, Wed, Thu, Fri, Sat, Sun]
Mon .. Fri = [Mon, Tue, Wed, Thu, Fri]
Fri .. Mon = [Fri, Sat, Sun, Mon]
Mon -> play
Tue -> work
Wed -> sleep
Thu -> work
Fri -> play
Sat -> play
Sun -> play
