A:X = 10
A = point(X: 10, Y: 20)
A = point(10, 200)
point(10, 200) + point(23, 9.1) = point(33, 209.1)
point(10, 200) * 5 = point(50, 1000)
7.1 * point(23, 9.1) = point(163.3, 64.61)
C = point(1, 2)
C = vector(1, 2, 3)
