Hello world!
Hello
	world!X = 10, Y = 1000, Z = 4
L = 1:2:3:4:5:6:7:8:9:10
