J = 1
J = 2
J = 3
J = 4
J = 5
J = 6
J = 7
J = 8
I = 1
J = 1
J = 2
J = 3
J = 4
J = 5
J = 6
J = 7
J = 8
J = 9
J = 10
I = 2
J = 1
J = 2
I = 3
J = 1
J = 2
J = 3
I = 4
4^2 + 3^2 = 5^2
Starting
Finishing: I = 5
Must: I = 3
Starting
Must: I = 2
ValueError: Division by 0
