0 -> Other
1 -> One
2 -> Other
3 -> Few
4 -> Few
5 -> Few
6 -> Few
7 -> Several
8 -> Several
9 -> Other
10 -> Other
11 -> Other
12 -> Other
13 -> Other
14 -> Other
15 -> Other
16 -> Other
17 -> Other
18 -> Other
19 -> Other
20 -> Twenty
21 -> Other
22 -> Other
23 -> Other
24 -> Other
25 -> Other
