A = 1, B = 2, C = 3
A = 10, B = 1, C = 2
A = 10, B = 20, C = 1
10123